[2026-09-09 19:56:08] [32m172.23.0.2:54852 is connecting...[0m
[2026-09-09 19:56:20] [32mBrown has joined.[0m
[2026-09-09 20:23:08] [31mBrown has left.[0m
[2026-09-09 20:23:38] [32m172.23.0.2:44614 is connecting...[0m
[2026-09-09 20:23:40] [32mBrown has joined.[0m
[2026-09-09 20:29:37] [32m172.23.0.2:60418 is connecting...[0m
[2026-09-09 20:29:39] [32mSakagi_Ri has joined.[0m
[2026-09-09 20:32:05] [32m172.23.0.2:45070 is connecting...[0m
[2026-09-09 20:32:06] [32mmaybemavis has joined.[0m
[2026-09-09 20:32:12] [31mmaybemavis has left.[0m
[2026-09-09 20:32:13] [31mSakagi_Ri has left.[0m
[2026-09-09 20:34:26] [32m172.23.0.2:53526 is connecting...[0m
[2026-09-09 20:34:28] [32mSakagi_Ri has joined.[0m
[2026-09-09 20:40:19] [35m<Sakagi_Ri>[0m 5555555
[2026-09-09 20:40:27] [35m<Sakagi_Ri>[0m I think you sleep again
[2026-09-09 20:40:29] [35m<Sakagi_Ri>[0m here
[2026-09-09 20:40:31] [35m<Brown>[0m no dam
[2026-09-09 20:40:32] [35m<Sakagi_Ri>[0m your money
[2026-09-09 20:40:47] [35m<Sakagi_Ri>[0m ok na
[2026-09-09 20:40:49] [35m<Sakagi_Ri>[0m eiei
[2026-09-09 20:41:09] [31mSakagi_Ri has left.[0m
[2026-09-09 20:41:12] [32m172.23.0.2:55746 is connecting...[0m
[2026-09-09 20:41:13] [32mSakagi_Ri has joined.[0m
[2026-09-09 20:41:37] [35m<Brown>[0m why you taking damage when you walking on lava
[2026-09-09 20:50:38] [35m<Brown>[0m dis bro
[2026-09-09 20:51:26] [35m<Sakagi_Ri>[0m I will go eat
[2026-09-09 20:51:28] [35m<Sakagi_Ri>[0m bye
[2026-09-09 20:51:32] [31mSakagi_Ri has left.[0m
[2026-09-09 22:34:00] [31mBrown has left.[0m
[2026-09-09 22:34:39] [32m172.23.0.2:39208 is connecting...[0m
[2026-09-09 22:34:41] [32mBrown has joined.[0m
[2026-09-09 23:00:14] [31mBrown has left.[0m
[2026-09-09 23:21:11] [32m172.23.0.2:39478 is connecting...[0m
[2026-09-09 23:21:12] [32mSakagi_Ri has joined.[0m
[2026-09-09 23:49:09] [32m172.23.0.2:54170 is connecting...[0m
[2026-09-09 23:49:11] [32mBrown has joined.[0m
[2026-09-09 23:50:28] [35m<Sakagi_Ri>[0m hi
[2026-09-09 23:50:41] [35m<Sakagi_Ri>[0m I making monster farm
[2026-09-09 23:50:44] [35m<Sakagi_Ri>[0m hha
[2026-09-09 23:51:05] [35m<Brown>[0m welcome to the darkside
[2026-09-09 23:51:19] [35m<Sakagi_Ri>[0m wow
[2026-09-09 23:51:22] [35m<Sakagi_Ri>[0m look good
[2026-09-09 23:51:26] [35m<Sakagi_Ri>[0m trow?
[2026-09-09 23:51:29] [35m<Sakagi_Ri>[0m wtf
[2026-09-09 23:51:35] [35m<Brown>[0m want some help?
[2026-09-09 23:51:52] [35m<Sakagi_Ri>[0m I have to clear 168 x 99 space for farm
[2026-09-09 23:52:04] [35m<Sakagi_Ri>[0m start here
[2026-09-09 23:52:11] [35m<Sakagi_Ri>[0m and go right
[2026-09-09 23:52:57] [35m<Brown>[0m dis?
[2026-09-09 23:53:55] [35m<Brown>[0m clear all block?
[2026-09-09 23:54:24] [35m<Brown>[0m hello
[2026-09-09 23:54:34] [35m<Sakagi_Ri>[0m ?
[2026-09-09 23:54:36] [35m<Sakagi_Ri>[0m yes
[2026-09-09 23:54:42] [35m<Sakagi_Ri>[0m cleatr all block
[2026-09-10 00:01:55] [35m<Sakagi_Ri>[0m I will go find some block
[2026-09-10 00:02:09] [35m<Sakagi_Ri>[0m you can bom to clear this place
[2026-09-10 00:11:48] [35m<Sakagi_Ri>[0m I send how to make farm to your IG
[2026-09-10 00:15:47] [35m<Sakagi_Ri>[0m did you have any perl stond?
[2026-09-10 00:15:56] [35m<Brown>[0m nope
[2026-09-10 00:18:57] [35m<Brown>[0m it same like a minecraft
[2026-09-10 00:19:02] [35m<Sakagi_Ri>[0m yea
[2026-09-10 00:19:03] [35m<Sakagi_Ri>[0m lol
[2026-09-10 00:19:10] [35m<Brown>[0m dig alots
[2026-09-10 00:19:15] [35m<Sakagi_Ri>[0m 555
[2026-09-10 00:19:26] [35m<Sakagi_Ri>[0m what block mob cannot break?
[2026-09-10 00:19:38] [35m<Sakagi_Ri>[0m perlstone is not enoung
[2026-09-10 00:20:53] [35m<Sakagi_Ri>[0m can mob break stone brick?
[2026-09-10 00:21:03] [35m<Brown>[0m nope
[2026-09-10 00:21:10] [35m<Sakagi_Ri>[0m ok I will use it
[2026-09-10 00:21:26] [35m<Brown>[0m use hellstone
[2026-09-10 00:21:52] [35m<Brown>[0m no one can't break it
[2026-09-10 00:21:58] [35m<Sakagi_Ri>[0m ok
[2026-09-10 00:38:42] [35m<Brown>[0m give me a bloc
[2026-09-10 00:38:59] [35m<Brown>[0m 9999
[2026-09-10 00:39:02] [35m<Brown>[0m 55555555555555
[2026-09-10 00:39:07] [35m<Sakagi_Ri>[0m 5655555555555555555555
[2026-09-10 00:42:54] [35m<Brown>[0m come out
[2026-09-10 00:43:11] [35m<Sakagi_Ri>[0m no we need more space
[2026-09-10 00:43:14] [35m<Sakagi_Ri>[0m for platform
[2026-09-10 00:43:27] [35m<Sakagi_Ri>[0m nooo
[2026-09-10 00:43:30] [35m<Sakagi_Ri>[0m ok
[2026-09-10 00:43:36] [35m<Sakagi_Ri>[0m dod you saw clip?
[2026-09-10 00:46:17] [35m<Sakagi_Ri>[0m do you have lava?
[2026-09-10 00:47:38] [35m<Sakagi_Ri>[0m blood moon?
[2026-09-10 00:47:38] [35m<Brown>[0m where my picaxe
[2026-09-10 00:47:55] [35m<Sakagi_Ri>[0m 130% pixeac>
[2026-09-10 00:47:59] [35m<Sakagi_Ri>[0m ?
[2026-09-10 00:48:07] [35m<Brown>[0m red picaxe
[2026-09-10 00:48:41] [35m<Sakagi_Ri>[0m this?
[2026-09-10 00:48:56] [35m<Sakagi_Ri>[0m nope?
[2026-09-10 00:49:02] [35m<Sakagi_Ri>[0m then idk
[2026-09-10 00:49:12] [35m<Brown>[0m i found my picaxe
[2026-09-10 00:49:26] [35m<Brown>[0m 180%
[2026-09-10 00:49:31] [35m<Sakagi_Ri>[0m I dont see it
[2026-09-10 00:49:52] [35m<Brown>[0m i told you i found it now
[2026-09-10 00:49:59] [35m<Sakagi_Ri>[0m ok
[2026-09-10 00:53:56] [35m<Sakagi_Ri>[0m we have to put lava every where
[2026-09-10 00:58:09] [35m<Brown>[0m ok where you go
[2026-09-10 00:58:25] [35m<Sakagi_Ri>[0m get some lava
[2026-09-10 00:58:29] [35m<Brown>[0m have already lava
[2026-09-10 00:58:36] [35m<Sakagi_Ri>[0m bruh
[2026-09-10 00:58:45] [35m<Brown>[0m 56555555555555
[2026-09-10 00:58:50] [35m<Sakagi_Ri>[0m I craft 6 bucket for it
[2026-09-10 00:59:03] [35m<Brown>[0m you didn't see a lava before?
[2026-09-10 00:59:14] [35m<Brown>[0m i think i press it
[2026-09-10 00:59:16] [35m<Sakagi_Ri>[0m in bottom too
[2026-09-10 00:59:24] [35m<Brown>[0m and drain it
[2026-09-10 01:02:53] [35m<Sakagi_Ri>[0m we have to fill all to lava
[2026-09-10 01:02:57] [35m<Sakagi_Ri>[0m I thing
[2026-09-10 01:02:59] [35m<Brown>[0m what a platform you ues?
[2026-09-10 01:03:04] [35m<Sakagi_Ri>[0m ?
[2026-09-10 01:03:09] [35m<Sakagi_Ri>[0m any it ok
[2026-09-10 01:03:10] [35m<Sakagi_Ri>[0m na
[2026-09-10 01:03:18] [35m<Sakagi_Ri>[0m watch clip in IG frist
[2026-09-10 01:03:24] [35m<Sakagi_Ri>[0m I send to you
[2026-09-10 01:04:12] [35m<Brown>[0m i think platform it didn't ues anything you know
[2026-09-10 01:04:26] [35m<Sakagi_Ri>[0m they said for kill bat
[2026-09-10 01:04:49] [35m<Brown>[0m i use any platform ok
[2026-09-10 01:04:55] [35m<Sakagi_Ri>[0m kk
[2026-09-10 01:10:20] [35m<Brown>[0m done
[2026-09-10 01:10:31] [35m<Brown>[0m come to test
[2026-09-10 01:10:54] [35m<Sakagi_Ri>[0m kk
[2026-09-10 01:11:54] [35m<Brown>[0m come dis
[2026-09-10 01:12:03] [35m<Brown>[0m i want to told you
[2026-09-10 01:12:13] [35m<Brown>[0m youre wrong
[2026-09-10 01:12:20] [35m<Sakagi_Ri>[0m ok
[2026-09-10 01:12:31] [35m<Sakagi_Ri>[0m I cant come dis now
[2026-09-10 01:12:45] [35m<Sakagi_Ri>[0m I do wrong?
[2026-09-10 01:12:52] [35m<Brown>[0m why you press lava like this
[2026-09-10 01:13:28] [35m<Brown>[0m don't press out side
[2026-09-10 01:13:31] [35m<Sakagi_Ri>[0m I follow clip
[2026-09-10 01:13:33] [35m<Sakagi_Ri>[0m ok
[2026-09-10 01:14:42] [35m<Sakagi_Ri>[0m ok?
[2026-09-10 01:16:36] [35m<Brown>[0m look message
[2026-09-10 01:20:56] [35m<Sakagi_Ri>[0m what is that for?
[2026-09-10 01:21:54] [32m172.23.0.2:51506 is connecting...[0m
[2026-09-10 01:21:54] [35m172.23.0.2:51506[0m was booted: Brown is already on this server.
[2026-09-10 01:22:57] [31mSakagi_Ri has left.[0m
[2026-09-10 01:22:57] [31mBrown has left.[0m
[2026-09-10 01:23:02] [32m172.23.0.2:40404 is connecting...[0m
[2026-09-10 01:23:03] [32mSakagi_Ri has joined.[0m
[2026-09-10 01:23:12] [32m172.23.0.2:51706 is connecting...[0m
[2026-09-10 01:23:15] [32mBrown has joined.[0m
[2026-09-10 01:23:47] [35m<Sakagi_Ri>[0m why you can stand on lava
[2026-09-10 01:31:35] [32m172.23.0.2:41652 is connecting...[0m
[2026-09-10 01:31:37] [32mmaybemavis has joined.[0m
[2026-09-10 01:32:03] [35m<Sakagi_Ri>[0m what are you doing?
[2026-09-10 01:32:38] [35m<Sakagi_Ri>[0m why monster not spawn
[2026-09-10 01:33:03] [35m<Brown>[0m we not play alone
[2026-09-10 01:33:10] [35m<Sakagi_Ri>[0m ok
[2026-09-10 01:34:06] [35m<Sakagi_Ri>[0m I think we should do multi layer
[2026-09-10 01:34:17] [35m<Sakagi_Ri>[0m for more mob spawn
[2026-09-10 01:35:16] [35m<Brown>[0m may can you find tinkker table ?
[2026-09-10 01:35:27] [35m<Sakagi_Ri>[0m what is that
[2026-09-10 01:35:32] [35m<Sakagi_Ri>[0m can you send me photo
[2026-09-10 01:37:55] [35m<Brown>[0m you see
[2026-09-10 01:38:17] [35m<Sakagi_Ri>[0m ok isee
[2026-09-10 01:46:16] [31mSakagi_Ri has left.[0m
[2026-09-10 01:46:19] [32m172.23.0.2:53406 is connecting...[0m
[2026-09-10 01:46:21] [32mSakagi_Ri has joined.[0m
[2026-09-10 02:27:37] [31mSakagi_Ri has left.[0m
[2026-09-10 02:27:40] [32m172.23.0.2:53618 is connecting...[0m
[2026-09-10 02:27:42] [32mSakagi_Ri has joined.[0m
[2026-09-10 02:46:18] [35m<maybemavis>[0m WHATTTT
[2026-09-10 03:10:30] [31mSakagi_Ri has left.[0m
[2026-09-10 03:10:33] [32m172.23.0.2:35732 is connecting...[0m
[2026-09-10 03:10:34] [32mSakagi_Ri has joined.[0m
[2026-09-10 03:13:15] [35m<Brown>[0m have soul?
[2026-09-10 03:13:31] [35m<Sakagi_Ri>[0m I think in some chest
[2026-09-10 03:14:29] [35m<Sakagi_Ri>[0m of flight or of light?
[2026-09-10 03:14:41] [35m<Brown>[0m both
[2026-09-10 03:14:42] [35m<Sakagi_Ri>[0m of flight we have 69
[2026-09-10 03:14:52] [35m<Sakagi_Ri>[0m of light have only 1
[2026-09-10 03:14:59] [35m<Brown>[0m TwT
[2026-09-10 03:15:02] [35m<Sakagi_Ri>[0m you have to get it your self
[2026-09-10 03:15:22] [35m<maybemavis>[0m 0=0
[2026-09-10 03:19:53] [35m<Brown>[0m have soul night?
[2026-09-10 03:58:41] [35m<Sakagi_Ri>[0m brown
[2026-09-10 03:58:46] [35m<Sakagi_Ri>[0m I have pylon now
[2026-09-10 04:04:45] [35m<maybemavis>[0m can u take 21 gold that on your lava for me pls.
[2026-09-10 04:04:55] [35m<maybemavis>[0m brown
[2026-09-10 04:05:01] [35m<maybemavis>[0m TwT
[2026-09-10 04:17:28] [31mmaybemavis has left.[0m
[2026-09-10 04:40:48] [31mBrown has left.[0m
[2026-09-10 05:03:26] [32m172.23.0.2:40334 is connecting...[0m
[2026-09-10 05:03:27] [32mBrown has joined.[0m
[2026-09-10 05:07:25] [32m172.23.0.2:46066 is connecting...[0m
[2026-09-10 05:07:26] [32mmaybemavis has joined.[0m
[2026-09-10 05:10:57] [35m<Sakagi_Ri>[0m boss
[2026-09-10 05:11:05] [35m<Sakagi_Ri>[0m it gone
[2026-09-10 06:26:08] [31mmaybemavis has left.[0m
[2026-09-10 07:10:32] [31mBrown has left.[0m
[2026-09-10 07:53:07] [32m172.23.0.2:56898 is connecting...[0m
[2026-09-10 07:53:09] [32mBrown has joined.[0m
[2026-09-10 08:24:37] [31mBrown has left.[0m
[2026-09-10 09:27:39] [31mSakagi_Ri has left.[0m
[2026-09-10 09:43:59] [32m172.23.0.2:44564 is connecting...[0m
[2026-09-10 09:44:01] [32mBrown has joined.[0m
[2026-09-10 16:12:21] [32m172.23.0.2:38240 is connecting...[0m
[2026-09-10 16:12:22] [32mSakagi_Ri has joined.[0m
[2026-09-10 16:31:56] [31mBrown has left.[0m
[2026-09-10 18:00:18] [31mSakagi_Ri has left.[0m
[2026-09-10 22:35:18] [32m172.23.0.2:32974 is connecting...[0m
[2026-09-10 22:35:23] [32mSakagi_Ri has joined.[0m
[2026-09-10 22:37:15] [31mSakagi_Ri has left.[0m
[2026-09-10 23:08:55] [32m172.23.0.2:51870 is connecting...[0m
[2026-09-10 23:08:56] [32mBrown has joined.[0m
[2026-09-10 23:57:09] [32m172.23.0.2:49220 is connecting...[0m
[2026-09-10 23:57:09] [35m172.23.0.2:49220[0m was booted: Brown is already on this server.
[2026-09-10 23:57:19] [32m172.23.0.2:57866 is connecting...[0m
[2026-09-10 23:57:19] [35m172.23.0.2:57866[0m was booted: Brown is already on this server.
[2026-09-10 23:57:20] [31mBrown has left.[0m
[2026-09-10 23:58:47] [32m172.23.0.2:35714 is connecting...[0m
[2026-09-10 23:58:49] [32mBrown has joined.[0m
[2026-09-11 00:11:54] [31mBrown has left.[0m
[2026-09-11 00:13:14] [32m172.23.0.2:48444 is connecting...[0m
[2026-09-11 00:13:16] [32mBrown has joined.[0m
[2026-09-11 00:42:50] [31mBrown has left.[0m
[2026-09-11 00:43:13] [32m172.23.0.2:35126 is connecting...[0m
[2026-09-11 00:43:16] [32mBrown has joined.[0m
[2026-09-11 01:16:50] [31mBrown has left.[0m
[2026-09-11 02:38:15] [32m172.23.0.2:46506 is connecting...[0m
[2026-09-11 02:38:16] [32mmaybemavis has joined.[0m
[2026-09-11 02:45:15] [31mmaybemavis has left.[0m
[2026-09-11 10:41:36] [32m172.23.0.2:44414 is connecting...[0m
[2026-09-11 10:41:37] [32mBrown has joined.[0m
[2026-09-11 11:58:13] [35m<Brown>[0m [i:2467]where
[2026-09-11 14:44:56] [32m172.23.0.2:44934 is connecting...[0m
[2026-09-11 14:44:56] [35m172.23.0.2:44934[0m was booted: Brown is already on this server.
[2026-09-11 14:45:37] [32m172.23.0.2:60762 is connecting...[0m
[2026-09-11 14:45:37] [35m172.23.0.2:60762[0m was booted: Brown is already on this server.
[2026-09-11 14:45:42] [31mBrown has left.[0m
[2026-09-11 14:45:51] [32m172.23.0.2:52598 is connecting...[0m
[2026-09-11 14:45:52] [32mBrown has joined.[0m
[2026-09-11 16:20:27] [31mBrown has left.[0m
[2026-09-11 22:47:31] [32m172.23.0.2:38704 is connecting...[0m
[2026-09-11 22:47:33] [32mBrown has joined.[0m
[2026-09-11 23:55:15] [32m172.23.0.2:33962 is connecting...[0m
[2026-09-11 23:55:27] [35m172.23.0.2:33962[0m lost connection...
[2026-09-11 23:55:31] [32m172.23.0.2:35786 is connecting...[0m
[2026-09-11 23:55:40] [32mSakagi_Ri has joined.[0m
[2026-09-12 00:33:00] [32m172.23.0.2:46204 is connecting...[0m
[2026-09-12 00:33:01] [32mmaybemavis has joined.[0m
[2026-09-12 01:06:51] [35m<Brown>[0m who wanna armor melee set ?
[2026-09-12 01:06:58] [35m<Sakagi_Ri>[0m mne
[2026-09-12 01:07:22] [35m<Brown>[0m find soul light and night for me'
[2026-09-12 01:07:33] [35m<Sakagi_Ri>[0m how much
[2026-09-12 01:07:36] [35m<Brown>[0m 8
[2026-09-12 01:07:45] [35m<Brown>[0m find at hell
[2026-09-12 01:08:25] [35m<Brown>[0m mini boss set
[2026-09-12 01:09:49] [35m<Brown>[0m ok don't find it
[2026-09-12 01:09:58] [35m<Brown>[0m i can craft now
[2026-09-12 01:10:00] [35m<Sakagi_Ri>[0m yea
[2026-09-12 01:10:07] [35m<Sakagi_Ri>[0m I think I already have
[2026-09-12 01:10:22] [35m<Sakagi_Ri>[0m nice
[2026-09-12 01:10:48] [35m<Brown>[0m wanna gun?
[2026-09-12 01:10:53] [35m<Sakagi_Ri>[0m nope
[2026-09-12 01:11:07] [35m<Sakagi_Ri>[0m wow
[2026-09-12 01:11:12] [35m<Sakagi_Ri>[0m give to may
[2026-09-12 01:11:18] [35m<Brown>[0m where?
[2026-09-12 01:11:40] [35m<Sakagi_Ri>[0m let she come home
[2026-09-12 01:11:44] [35m<Sakagi_Ri>[0m a sec
[2026-09-12 01:12:29] [35m<Sakagi_Ri>[0m d
[2026-09-12 01:12:33] [35m<Sakagi_Ri>[0m ok give me
[2026-09-12 01:12:41] [35m<Sakagi_Ri>[0m and I will give it to may
[2026-09-12 01:13:02] [35m<Sakagi_Ri>[0m can you craft armor one more set?
[2026-09-12 01:22:52] [31mBrown has left.[0m
[2026-09-12 01:23:48] [32m172.23.0.2:39310 is connecting...[0m
[2026-09-12 01:23:49] [32mBrown has joined.[0m
[2026-09-12 01:50:01] [31mmaybemavis has left.[0m
[2026-09-12 01:53:50] [31mBrown has left.[0m
[2026-09-12 01:54:19] [32m172.23.0.2:42978 is connecting...[0m
[2026-09-12 01:54:20] [32mBrown has joined.[0m
[2026-09-12 02:46:39] [32m172.23.0.2:44612 is connecting...[0m
[2026-09-12 02:46:39] [35m172.23.0.2:44612[0m was booted: Brown is already on this server.
[2026-09-12 02:46:57] [32m172.23.0.2:49832 is connecting...[0m
[2026-09-12 02:46:57] [35m172.23.0.2:49832[0m was booted: Brown is already on this server.
[2026-09-12 02:47:42] [32m172.23.0.2:39010 is connecting...[0m
[2026-09-12 02:47:42] [35m172.23.0.2:39010[0m was booted: Brown is already on this server.
[2026-09-12 02:47:56] [32m172.23.0.2:52282 is connecting...[0m
[2026-09-12 02:47:56] [35m172.23.0.2:52282[0m was booted: Brown is already on this server.
[2026-09-12 02:48:02] [32m172.23.0.2:60360 is connecting...[0m
[2026-09-12 02:48:02] [35m172.23.0.2:60360[0m was booted: Brown is already on this server.
[2026-09-12 02:48:14] [32m172.23.0.2:38950 is connecting...[0m
[2026-09-12 02:48:14] [35m172.23.0.2:38950[0m was booted: Brown is already on this server.
[2026-09-12 02:48:14] [31mBrown has left.[0m
[2026-09-12 02:48:54] [32m172.23.0.2:57100 is connecting...[0m
[2026-09-12 02:48:57] [32mBrown has joined.[0m
[2026-09-12 04:44:05] [31mSakagi_Ri has left.[0m
[2026-09-12 04:44:08] [32m172.23.0.2:37032 is connecting...[0m
[2026-09-12 04:44:09] [32mSakagi_Ri has joined.[0m
[2026-09-12 04:44:26] [35m<Sakagi_Ri>[0m [i:2483][i:2483][i:2483]
[2026-09-12 06:33:11] [35m<Sakagi_Ri>[0m [i:2465][i:2465]
[2026-09-12 06:40:01] [31mSakagi_Ri has left.[0m
[2026-09-12 06:40:04] [32m172.23.0.2:50922 is connecting...[0m
[2026-09-12 06:40:05] [32mSakagi_Ri has joined.[0m
[2026-09-12 06:44:34] [31mSakagi_Ri has left.[0m
[2026-09-12 06:44:37] [32m172.23.0.2:36154 is connecting...[0m
[2026-09-12 06:44:38] [32mSakagi_Ri has joined.[0m
[2026-09-12 06:54:44] [35m<Sakagi_Ri>[0m [i:2471]
[2026-09-12 07:19:24] [31mSakagi_Ri has left.[0m
[2026-09-12 07:24:42] [32m172.23.0.2:36246 is connecting...[0m
[2026-09-12 07:24:44] [32mSakagi_Ri has joined.[0m
[2026-09-12 07:27:38] [35m<Sakagi_Ri>[0m [i:2474][i:2474]
[2026-09-12 07:33:09] [31mBrown has left.[0m
[2026-09-12 07:36:04] [31mSakagi_Ri has left.[0m
[2026-09-12 07:36:07] [32m172.23.0.2:40246 is connecting...[0m
[2026-09-12 07:36:09] [32mSakagi_Ri has joined.[0m
[2026-09-12 07:40:54] [31mSakagi_Ri has left.[0m
[2026-09-12 07:40:56] [32m172.23.0.2:32784 is connecting...[0m
[2026-09-12 07:40:58] [32mSakagi_Ri has joined.[0m
[2026-09-12 08:09:55] [35m<Sakagi_Ri>[0m [i:2486]
[2026-09-12 09:18:36] [31mSakagi_Ri has left.[0m
[2026-09-12 09:45:50] [32m172.23.0.2:39428 is connecting...[0m
[2026-09-12 09:45:52] [32mSakagi_Ri has joined.[0m
[2026-09-12 09:51:32] [32m172.23.0.2:47696 is connecting...[0m
[2026-09-12 09:51:35] [32mBrown has joined.[0m
[2026-09-12 09:51:48] [35m<Sakagi_Ri>[0m nice
[2026-09-12 09:51:56] [35m<Sakagi_Ri>[0m I finding some one
[2026-09-12 09:52:06] [35m<Sakagi_Ri>[0m to kill boss with me
[2026-09-12 10:00:57] [35m<Sakagi_Ri>[0m Brown
[2026-09-12 10:01:03] [35m<Sakagi_Ri>[0m carefull
[2026-09-12 10:03:14] [35m<Sakagi_Ri>[0m Boss
[2026-09-12 10:03:16] [35m<Sakagi_Ri>[0m guy
[2026-09-12 10:16:01] [31mBrown has left.[0m
[2026-09-12 10:39:31] [31mSakagi_Ri has left.[0m
[2026-09-12 10:39:35] [32m172.23.0.2:55220 is connecting...[0m
[2026-09-12 10:39:36] [32mSakagi_Ri has joined.[0m
[2026-09-12 11:43:29] [32m172.23.0.2:59494 is connecting...[0m
[2026-09-12 11:43:30] [32mBrown has joined.[0m
[2026-09-12 11:56:07] [31mBrown has left.[0m
[2026-09-12 18:11:46] [32m172.23.0.2:52554 is connecting...[0m
[2026-09-12 18:11:48] [32mmaybemavis has joined.[0m
[2026-09-12 18:31:07] [32m172.23.0.2:32840 is connecting...[0m
[2026-09-12 18:31:11] [32mBrown has joined.[0m
[2026-09-12 18:33:43] [35m<Sakagi_Ri>[0m ?
[2026-09-12 18:38:25] [35m<Brown>[0m have a stone i want to many
[2026-09-12 18:38:50] [35m<Sakagi_Ri>[0m 93
[2026-09-12 18:38:58] [35m<Brown>[0m 800-1000+++++ have it?
[2026-09-12 18:39:07] [35m<Sakagi_Ri>[0m nope
[2026-09-12 18:39:18] [35m<Sakagi_Ri>[0m I dont know but it all gone
[2026-09-12 18:41:11] [35m<Brown>[0m have stone 9999 in chest 0-0
[2026-09-12 18:41:17] [35m<Sakagi_Ri>[0m :>
[2026-09-12 18:41:20] [35m<Sakagi_Ri>[0m good for you
[2026-09-12 18:41:23] [35m<Brown>[0m and7000+
[2026-09-12 18:41:39] [35m<Brown>[0m my gosh who dig it?
[2026-09-12 18:41:49] [35m<Sakagi_Ri>[0m me
[2026-09-12 18:42:02] [35m<Sakagi_Ri>[0m I think I use quick stock
[2026-09-12 18:42:10] [35m<Brown>[0m i think it not you
[2026-09-12 18:42:11] [35m<Sakagi_Ri>[0m and I cant find it again
[2026-09-12 18:42:21] [35m<Sakagi_Ri>[0m try watch here
[2026-09-12 18:42:29] [35m<Sakagi_Ri>[0m I dig alot
[2026-09-12 18:44:03] [35m<Brown>[0m may wanna pvp?
[2026-09-12 18:44:08] [35m<maybemavis>[0m no no no no
[2026-09-12 18:44:10] [35m<Sakagi_Ri>[0m hahaha
[2026-09-12 18:44:13] [35m<maybemavis>[0m 7863544867384534565
[2026-09-12 18:44:30] [35m<maybemavis>[0m with moster i'm gonna die
[2026-09-12 18:57:56] [35m<maybemavis>[0m [i:2473][i:2473][i:2473]
[2026-09-12 19:00:33] [35m<Brown>[0m may you playing gun right?
[2026-09-12 19:00:58] [35m<Brown>[0m and you kkitu you play melee? yeah?
[2026-09-12 19:01:28] [35m<Sakagi_Ri>[0m I play melee
[2026-09-12 19:01:30] [35m<maybemavis>[0m i play fire magic
[2026-09-12 19:01:31] [35m<Brown>[0m what weapon you wanna play may?
[2026-09-12 19:01:37] [35m<Brown>[0m ok
[2026-09-12 19:01:44] [35m<maybemavis>[0m magic lock target
[2026-09-12 19:02:00] [35m<Sakagi_Ri>[0m I have gun to clean crimson
[2026-09-12 19:02:03] [35m<Brown>[0m what dmg?
[2026-09-12 19:02:03] [35m<Sakagi_Ri>[0m play it
[2026-09-12 19:02:25] [35m<Brown>[0m what weapon dmg may?
[2026-09-12 19:03:07] [35m<Brown>[0m you play melee right kitu
[2026-09-12 19:03:21] [35m<Sakagi_Ri>[0m long range melee
[2026-09-12 19:03:32] [35m<maybemavis>[0m 40 magic dmg
[2026-09-12 19:03:49] [35m<Brown>[0m are you joking me long range melee fuk you
[2026-09-12 19:04:21] [35m<Sakagi_Ri>[0m like beam sword, or yoyo, or trow banana
[2026-09-12 19:04:23] [35m<Brown>[0m i will make armor for you all what you real play
[2026-09-12 19:04:23] [35m<Sakagi_Ri>[0m eiei
[2026-09-12 19:05:08] [35m<maybemavis>[0m su su na
[2026-09-12 19:25:02] [31mSakagi_Ri has left.[0m
[2026-09-12 19:25:32] [35m<Brown>[0m where kitu?
[2026-09-12 19:25:51] [35m<maybemavis>[0m find some wood in another serv
[2026-09-12 19:26:04] [35m<Brown>[0m okk
[2026-09-12 19:26:14] [35m<Brown>[0m can you help me beat boss
[2026-09-12 19:26:34] [35m<maybemavis>[0m sure
[2026-09-12 19:26:40] [35m<maybemavis>[0m where
[2026-09-12 19:27:21] [35m<Brown>[0m wait
[2026-09-12 19:27:37] [35m<maybemavis>[0m ok
[2026-09-12 19:29:07] [35m<Brown>[0m wait at night
[2026-09-12 19:29:18] [35m<maybemavis>[0m ok
[2026-09-12 19:33:14] [32m172.23.0.2:44444 is connecting...[0m
[2026-09-12 19:33:16] [32mSakagi_Ri has joined.[0m
[2026-09-12 19:35:54] [35m<Brown>[0m come
[2026-09-12 19:37:53] [35m<Sakagi_Ri>[0m nooooo
[2026-09-12 19:37:57] [35m<Sakagi_Ri>[0m 2 plattinum
[2026-09-12 19:38:30] [35m<Brown>[0m give me a ore
[2026-09-12 19:38:40] [35m<Brown>[0m bar
[2026-09-12 19:38:48] [35m<Brown>[0m hallowed bar
[2026-09-12 19:38:54] [35m<Sakagi_Ri>[0m no at me
[2026-09-12 19:39:54] [35m<Brown>[0m what a luck
[2026-09-12 19:40:03] [35m<Sakagi_Ri>[0m what happend?
[2026-09-12 19:40:18] [35m<maybemavis>[0m 0-0
[2026-09-12 19:40:24] [35m<Sakagi_Ri>[0m no way
[2026-09-12 19:40:29] [35m<Brown>[0m red buff
[2026-09-12 19:40:39] [35m<Brown>[0m give me a sec
[2026-09-12 19:40:40] [35m<Sakagi_Ri>[0m wwww
[2026-09-12 19:43:32] [35m<Sakagi_Ri>[0m is it good?
[2026-09-12 19:43:46] [35m<Brown>[0m yeah
[2026-09-12 19:46:59] [35m<Brown>[0m hello may
[2026-09-12 19:47:16] [35m<maybemavis>[0m yes?
[2026-09-12 19:47:45] [35m<Brown>[0m i wanna potion for dig ore
[2026-09-12 19:48:11] [31mSakagi_Ri has left.[0m
[2026-09-12 19:48:29] [35m<maybemavis>[0m spelunker potion
[2026-09-12 20:03:23] [32m172.23.0.2:54300 is connecting...[0m
[2026-09-12 20:03:25] [32mSakagi_Ri has joined.[0m
[2026-09-12 20:20:58] [31mSakagi_Ri has left.[0m
[2026-09-12 20:21:02] [32m172.23.0.2:36894 is connecting...[0m
[2026-09-12 20:21:03] [32mSakagi_Ri has joined.[0m
[2026-09-12 20:28:36] [31mSakagi_Ri has left.[0m
[2026-09-12 20:28:39] [32m172.23.0.2:37452 is connecting...[0m
[2026-09-12 20:28:40] [32mSakagi_Ri has joined.[0m
[2026-09-12 20:51:28] [35m<Sakagi_Ri>[0m browm canyou craft light saber for may?
[2026-09-12 20:51:41] [35m<Sakagi_Ri>[0m she cannot fight in cave with meteo
[2026-09-12 20:51:41] [35m<Brown>[0m have one in chest
[2026-09-12 20:51:54] [35m<Sakagi_Ri>[0m ok
[2026-09-12 20:51:57] [35m<Brown>[0m gay light saber hahahaha
[2026-09-12 20:52:02] [35m<Brown>[0m rainbow
[2026-09-12 20:52:08] [35m<Sakagi_Ri>[0m haha
[2026-09-12 20:53:11] [35m<Sakagi_Ri>[0m which chest
[2026-09-12 20:53:13] [35m<maybemavis>[0m which chest>
[2026-09-12 20:54:00] [35m<maybemavis>[0m found it
[2026-09-12 21:15:16] [32m172.23.0.2:43200 is connecting...[0m
[2026-09-12 21:15:16] [35m172.23.0.2:43200[0m was booted: Brown is already on this server.
[2026-09-12 21:15:31] [32m172.23.0.2:58054 is connecting...[0m
[2026-09-12 21:15:31] [35m172.23.0.2:58054[0m was booted: Brown is already on this server.
[2026-09-12 21:16:05] [32m172.23.0.2:51082 is connecting...[0m
[2026-09-12 21:16:05] [35m172.23.0.2:51082[0m was booted: Brown is already on this server.
[2026-09-12 21:16:16] [32m172.23.0.2:58612 is connecting...[0m
[2026-09-12 21:16:16] [35m172.23.0.2:58612[0m was booted: Brown is already on this server.
[2026-09-12 21:16:23] [32m172.23.0.2:35462 is connecting...[0m
[2026-09-12 21:16:23] [35m172.23.0.2:35462[0m was booted: Brown is already on this server.
[2026-09-12 21:17:00] [32m172.23.0.2:40464 is connecting...[0m
[2026-09-12 21:17:00] [35m172.23.0.2:40464[0m was booted: Brown is already on this server.
[2026-09-12 21:17:06] [31mBrown has left.[0m
[2026-09-12 21:19:08] [31mSakagi_Ri has left.[0m
[2026-09-12 21:19:11] [32m172.23.0.2:53102 is connecting...[0m
[2026-09-12 21:19:13] [32mSakagi_Ri has joined.[0m
[2026-09-12 22:24:57] [31mmaybemavis has left.[0m
[2026-09-12 22:38:56] [32m172.23.0.2:51548 is connecting...[0m
[2026-09-12 22:38:58] [32mBrown has joined.[0m
[2026-09-12 23:37:44] [32m172.23.0.2:41624 is connecting...[0m
[2026-09-12 23:37:46] [32mmaybemavis has joined.[0m
[2026-09-12 23:49:24] [31mBrown has left.[0m
[2026-09-12 23:52:17] [31mSakagi_Ri has left.[0m
[2026-09-13 00:32:09] [31mmaybemavis has left.[0m
[2026-09-13 00:32:44] [32m172.23.0.2:54760 is connecting...[0m
[2026-09-13 00:32:46] [32mSakagi_Ri has joined.[0m
[2026-09-13 00:47:08] [32m172.23.0.2:38088 is connecting...[0m
[2026-09-13 00:47:10] [32mBrown has joined.[0m
[2026-09-13 00:52:49] [35m<Brown>[0m come here
[2026-09-13 00:54:23] [35m<Sakagi_Ri>[0m sleep I want to skip day
[2026-09-13 00:54:50] [35m<Sakagi_Ri>[0m for buy items from new npx
[2026-09-13 00:54:52] [35m<Sakagi_Ri>[0m npc
[2026-09-13 00:55:05] [35m<Brown>[0m where hollowed bar
[2026-09-13 00:55:16] [35m<Brown>[0m and soul
[2026-09-13 00:55:19] [35m<Sakagi_Ri>[0m idk i didn't use
[2026-09-13 00:55:26] [35m<Sakagi_Ri>[0m soul?
[2026-09-13 00:55:38] [35m<Brown>[0m look at inventory
[2026-09-13 00:55:45] [35m<Brown>[0m your inventory
[2026-09-13 00:56:01] [35m<Sakagi_Ri>[0m soul of might?
[2026-09-13 00:56:07] [35m<Brown>[0m yeah
[2026-09-13 00:56:16] [35m<Sakagi_Ri>[0m mixed it ?
[2026-09-13 00:56:17] [35m<Brown>[0m and hallowed bar
[2026-09-13 00:56:31] [35m<Sakagi_Ri>[0m here
[2026-09-13 00:57:41] [35m<Brown>[0m dis?
[2026-09-13 01:00:50] [35m<Sakagi_Ri>[0m cant
[2026-09-13 01:00:58] [35m<Sakagi_Ri>[0m I have work tomorow
[2026-09-13 01:01:06] [35m<Brown>[0m wait
[2026-09-13 01:01:06] [35m<Sakagi_Ri>[0m have to go bed soon
[2026-09-13 01:01:10] [35m<Sakagi_Ri>[0m ?
[2026-09-13 01:01:22] [35m<Brown>[0m give me a sword i will upgrade
[2026-09-13 01:01:30] [35m<Sakagi_Ri>[0m k
[2026-09-13 01:03:17] [35m<Brown>[0m got broken hero sword?
[2026-09-13 01:03:26] [35m<Sakagi_Ri>[0m ?
[2026-09-13 01:03:28] [35m<Sakagi_Ri>[0m what?
[2026-09-13 01:03:32] [35m<Sakagi_Ri>[0m ok
[2026-09-13 01:03:36] [35m<Sakagi_Ri>[0m got it
[2026-09-13 01:03:41] [35m<Brown>[0m give me
[2026-09-13 01:03:55] [35m<Sakagi_Ri>[0m hah
[2026-09-13 01:03:56] [35m<Sakagi_Ri>[0m ?
[2026-09-13 01:03:57] [35m<Sakagi_Ri>[0m no
[2026-09-13 01:04:06] [35m<Sakagi_Ri>[0m I dont get drop wny thing
[2026-09-13 01:04:15] [35m<Brown>[0m got it?????????
[2026-09-13 01:04:48] [35m<Sakagi_Ri>[0m I juts "I dont know what you said, but got it"
[2026-09-13 01:09:26] [35m<Brown>[0m drop??????
[2026-09-13 01:09:31] [35m<Sakagi_Ri>[0m no
[2026-09-13 01:09:45] [35m<Sakagi_Ri>[0m I dont know what you ask for
[2026-09-13 01:10:08] [35m<Sakagi_Ri>[0m and I dont have any sword left in my inventory
[2026-09-13 01:11:59] [35m<Sakagi_Ri>[0m I'll AFK a min
[2026-09-13 01:39:26] [35m<Sakagi_Ri>[0m nice sword
[2026-09-13 01:39:38] [35m<Brown>[0m top 2 sword
[2026-09-13 01:39:42] [35m<Brown>[0m in game
[2026-09-13 01:39:53] [35m<Sakagi_Ri>[0m wow
[2026-09-13 01:41:31] [35m<Brown>[0m come
[2026-09-13 01:41:38] [35m<Sakagi_Ri>[0m k
[2026-09-13 01:44:13] [35m<Brown>[0m find lotus
[2026-09-13 01:44:20] [35m<Brown>[0m and destroy
[2026-09-13 01:48:26] [35m<Sakagi_Ri>[0m have to go to AFK
[2026-09-13 01:48:46] [35m<Brown>[0m have sedler sword?
[2026-09-13 02:04:39] [32m172.23.0.2:40122 is connecting...[0m
[2026-09-13 02:04:41] [32mmaybemavis has joined.[0m
[2026-09-13 02:06:51] [35m<Brown>[0m come to me all
[2026-09-13 02:07:03] [35m<Sakagi_Ri>[0m k
[2026-09-13 02:07:13] [35m<Brown>[0m may play magic right?
[2026-09-13 02:07:19] [35m<Sakagi_Ri>[0m y
[2026-09-13 02:08:02] [35m<Brown>[0m kill boss 10 for 3 set 0-0
[2026-09-13 02:08:14] [35m<Sakagi_Ri>[0m 0+0
[2026-09-13 02:08:21] [35m<maybemavis>[0m wow
[2026-09-13 02:08:37] [35m<maybemavis>[0m keng mak
[2026-09-13 02:08:41] [35m<Brown>[0m not wow it pain
[2026-09-13 02:08:58] [35m<Sakagi_Ri>[0m 555555
[2026-09-13 02:09:13] [35m<Sakagi_Ri>[0m you doing great
[2026-09-13 02:10:00] [35m<Brown>[0m how many you have mana may?
[2026-09-13 02:10:20] [35m<maybemavis>[0m 360
[2026-09-13 02:10:30] [35m<Brown>[0m the fuk
[2026-09-13 02:10:43] [35m<maybemavis>[0m wods
[2026-09-13 02:14:28] [35m<Brown>[0m come
[2026-09-13 02:14:30] [35m<maybemavis>[0m now i have 400 mana
[2026-09-13 02:14:38] [35m<Brown>[0m help me to kill boss
[2026-09-13 02:14:42] [35m<Brown>[0m it hard
[2026-09-13 02:14:43] [35m<maybemavis>[0m ok
[2026-09-13 02:14:47] [35m<Brown>[0m for solo
[2026-09-13 02:14:59] [35m<Brown>[0m =-=
[2026-09-13 02:16:32] [35m<maybemavis>[0m where to kill boss?
[2026-09-13 02:17:13] [35m<Brown>[0m wrong item for summon fukkkkkkkkkkkkkkkkkkkkkkkkkkkkkkkkkkkkkkkkkkkkkkkkkkkkkkkkkkkkkkkkkkkkkkkkkkkkkkkk
[2026-09-13 02:17:19] [35m<Sakagi_Ri>[0m lol
[2026-09-13 02:17:25] [35m<Sakagi_Ri>[0m get some sleep
[2026-09-13 02:18:09] [35m<Brown>[0m come'
[2026-09-13 02:18:24] [35m<Sakagi_Ri>[0m I waitting you to sommon
[2026-09-13 02:40:07] [35m<Brown>[0m may how many dmg of lasergun?
[2026-09-13 02:40:39] [35m<maybemavis>[0m 120 magic dmg
[2026-09-13 02:41:27] [35m<Brown>[0m i have new weapon of migic 176 dmg
[2026-09-13 02:41:55] [35m<Brown>[0m but it kinda suck
[2026-09-13 02:42:12] [35m<maybemavis>[0m wyh
[2026-09-13 02:42:15] [35m<maybemavis>[0m why
[2026-09-13 02:45:25] [35m<Brown>[0m dmg good but it suck
[2026-09-13 02:45:58] [35m<maybemavis>[0m it's slow?
[2026-09-13 02:46:52] [35m<Brown>[0m slow sort range and suck
[2026-09-13 02:47:49] [35m<Brown>[0m it time to upgrade my whip
[2026-09-13 02:48:06] [35m<Brown>[0m becuase you two have weapon end game
[2026-09-13 03:00:57] [31mSakagi_Ri has left.[0m
[2026-09-13 03:01:48] [32m172.23.0.2:55916 is connecting...[0m
[2026-09-13 03:01:50] [32mSakagi_Ri has joined.[0m
[2026-09-13 03:02:14] [31mSakagi_Ri has left.[0m
[2026-09-13 03:02:36] [32m172.23.0.2:42222 is connecting...[0m
[2026-09-13 03:02:38] [32mSakagi_Ri has joined.[0m
[2026-09-13 03:02:52] [31mSakagi_Ri has left.[0m
[2026-09-13 03:03:16] [32m172.23.0.2:43726 is connecting...[0m
[2026-09-13 03:03:18] [32mSakagi_Ri has joined.[0m
[2026-09-13 03:03:26] [31mSakagi_Ri has left.[0m
[2026-09-13 03:04:33] [31mBrown has left.[0m
[2026-09-13 03:05:46] [32m172.23.0.2:49224 is connecting...[0m
[2026-09-13 03:05:48] [32mBrown has joined.[0m
[2026-09-13 03:10:16] [31mmaybemavis has left.[0m
[2026-09-13 03:14:57] [32m172.23.0.2:48346 is connecting...[0m
[2026-09-13 03:15:00] [32mSakagi_Ri has joined.[0m
[2026-09-13 03:15:36] [35m<Sakagi_Ri>[0m I AFK
[2026-09-13 03:15:40] [35m<Sakagi_Ri>[0m good night
[2026-09-13 05:08:29] [32m172.23.0.2:50878 is connecting...[0m
[2026-09-13 05:08:29] [35m172.23.0.2:50878[0m was booted: Brown is already on this server.
[2026-09-13 05:08:36] [32m172.23.0.2:50880 is connecting...[0m
[2026-09-13 05:08:36] [35m172.23.0.2:50880[0m was booted: Brown is already on this server.
[2026-09-13 05:08:45] [32m172.23.0.2:35492 is connecting...[0m
[2026-09-13 05:08:45] [35m172.23.0.2:35492[0m was booted: Brown is already on this server.
[2026-09-13 05:08:52] [32m172.23.0.2:55882 is connecting...[0m
[2026-09-13 05:08:52] [35m172.23.0.2:55882[0m was booted: Brown is already on this server.
[2026-09-13 05:09:51] [32m172.23.0.2:57946 is connecting...[0m
[2026-09-13 05:09:51] [35m172.23.0.2:57946[0m was booted: Brown is already on this server.
[2026-09-13 05:10:09] [31mBrown has left.[0m
[2026-09-13 05:10:18] [32m172.23.0.2:58764 is connecting...[0m
[2026-09-13 05:10:20] [32mBrown has joined.[0m
[2026-09-13 05:31:00] [31mBrown has left.[0m
[2026-09-13 05:32:03] [32m172.23.0.2:34186 is connecting...[0m
[2026-09-13 05:32:05] [32mBrown has joined.[0m
[2026-09-13 05:39:23] [31mBrown has left.[0m
[2026-09-13 06:24:23] [35m<Sakagi_Ri>[0m \
[2026-09-13 07:58:03] [31mSakagi_Ri has left.[0m
[2026-09-13 21:03:11] [32m172.23.0.2:34290 is connecting...[0m
[2026-09-13 21:03:12] [32mmaybemavis has joined.[0m
[2026-09-13 21:10:35] [31mmaybemavis has left.[0m
[2026-09-13 21:35:35] [32m172.23.0.2:58110 is connecting...[0m
[2026-09-13 21:35:36] [32mmaybemavis has joined.[0m
[2026-09-13 21:38:56] [31mmaybemavis has left.[0m
[2026-09-13 22:00:13] [32m172.23.0.2:51078 is connecting...[0m
[2026-09-13 22:00:15] [32mmaybemavis has joined.[0m
[2026-09-13 22:49:44] [32m172.23.0.2:41890 is connecting...[0m
[2026-09-13 22:49:46] [32mSakagi_Ri has joined.[0m
[2026-09-14 01:25:07] [31mmaybemavis has left.[0m
[2026-09-14 01:34:07] [35m<Sakagi_Ri>[0m CLEAR
[2026-09-14 01:34:13] [35m<Sakagi_Ri>[0m ========================
[2026-09-14 01:57:28] [35m<Sakagi_Ri>[0m ========================
[2026-09-14 03:16:22] [35m<Sakagi_Ri>[0m ====================================
[2026-09-14 04:05:49] [32m172.23.0.2:36958 is connecting...[0m
[2026-09-14 04:05:50] [32mmaybemavis has joined.[0m
[2026-09-14 05:04:29] [31mmaybemavis has left.[0m
[2026-09-14 05:34:10] [35m<Sakagi_Ri>[0m [i:2479]
[2026-09-14 09:51:41] [32m172.23.0.2:34886 is connecting...[0m
[2026-09-14 09:51:43] [32mBrown has joined.[0m
[2026-09-14 10:59:58] [31mBrown has left.[0m
[2026-09-14 11:05:45] [32m172.23.0.2:34774 is connecting...[0m
[2026-09-14 11:05:47] [32mBrown has joined.[0m
[2026-09-14 11:10:41] [31mBrown has left.[0m
[2026-09-14 11:11:54] [32m172.23.0.2:48952 is connecting...[0m
[2026-09-14 11:11:56] [32mBrown has joined.[0m
[2026-09-14 11:21:23] [31mBrown has left.[0m
[2026-09-14 11:21:52] [32m172.23.0.2:55604 is connecting...[0m
[2026-09-14 11:21:53] [32mBrown has joined.[0m
[2026-09-14 11:22:48] [31mBrown has left.[0m
[2026-09-14 11:23:37] [32m172.23.0.2:56466 is connecting...[0m
[2026-09-14 11:23:39] [32mBrown has joined.[0m
[2026-09-14 11:25:54] [31mBrown has left.[0m
[2026-09-14 18:21:00] [31mSakagi_Ri has left.[0m
[2026-09-14 19:11:23] [32m172.23.0.2:40798 is connecting...[0m
[2026-09-14 19:11:26] [32mBrown has joined.[0m
[2026-09-14 21:21:00] [31mBrown has left.[0m
[2026-09-15 00:27:02] [32m172.23.0.2:46310 is connecting...[0m
[2026-09-15 00:27:04] [32mSakagi_Ri has joined.[0m
[2026-09-15 07:53:05] [31mSakagi_Ri has left.[0m
